[ {
  "ACCOUNT_NUMBER" : "31",
  "BALANCE" : "142.45",
  "BROKER_ID" : "19",
  "CUSTOMER_ID" : "7",
  "OWNER" : "Owner 11"
}, {
  "ACCOUNT_NUMBER" : "32",
  "BALANCE" : "3754.41",
  "BROKER_ID" : "8",
  "CUSTOMER_ID" : "13",
  "OWNER" : "Owner 12"
}, {
  "ACCOUNT_NUMBER" : "33",
  "BALANCE" : "561.33",
  "BROKER_ID" : "14",
  "CUSTOMER_ID" : "13",
  "OWNER" : "Owner 13"
}, {
  "ACCOUNT_NUMBER" : "34",
  "BALANCE" : "6789.08",
  "BROKER_ID" : "19",
  "CUSTOMER_ID" : "10",
  "OWNER" : "Owner 14"
}, {
  "ACCOUNT_NUMBER" : "35",
  "BALANCE" : "4867.72",
  "BROKER_ID" : "17",
  "CUSTOMER_ID" : "11",
  "OWNER" : "Owner 15"
}, {
  "ACCOUNT_NUMBER" : "36",
  "BALANCE" : "4235.75",
  "BROKER_ID" : "5",
  "CUSTOMER_ID" : "14",
  "OWNER" : "Owner 16"
}, {
  "ACCOUNT_NUMBER" : "37",
  "BALANCE" : "2258.6",
  "BROKER_ID" : "4",
  "CUSTOMER_ID" : "4",
  "OWNER" : "Owner 17"
}, {
  "ACCOUNT_NUMBER" : "38",
  "BALANCE" : "3840.77",
  "BROKER_ID" : "15",
  "CUSTOMER_ID" : "16",
  "OWNER" : "Owner 18"
}, {
  "ACCOUNT_NUMBER" : "39",
  "BALANCE" : "9156.12",
  "BROKER_ID" : "13",
  "CUSTOMER_ID" : "17",
  "OWNER" : "Owner 19"
}, {
  "ACCOUNT_NUMBER" : "40",
  "BALANCE" : "1200.63",
  "BROKER_ID" : "15",
  "CUSTOMER_ID" : "5",
  "OWNER" : "Owner 20"
}, {
  "ACCOUNT_NUMBER" : "41",
  "BALANCE" : "194.1",
  "BROKER_ID" : "5",
  "CUSTOMER_ID" : "7",
  "OWNER" : "Owner 1"
}, {
  "ACCOUNT_NUMBER" : "42",
  "BALANCE" : "4273.11",
  "BROKER_ID" : "8",
  "CUSTOMER_ID" : "11",
  "OWNER" : "Owner 2"
}, {
  "ACCOUNT_NUMBER" : "43",
  "BALANCE" : "1806.06",
  "BROKER_ID" : "1",
  "CUSTOMER_ID" : "12",
  "OWNER" : "Owner 3"
}, {
  "ACCOUNT_NUMBER" : "44",
  "BALANCE" : "1008.66",
  "BROKER_ID" : "17",
  "CUSTOMER_ID" : "19",
  "OWNER" : "Owner 4"
}, {
  "ACCOUNT_NUMBER" : "45",
  "BALANCE" : "7509.08",
  "BROKER_ID" : "18",
  "CUSTOMER_ID" : "10",
  "OWNER" : "Owner 5"
}, {
  "ACCOUNT_NUMBER" : "46",
  "BALANCE" : "1228.97",
  "BROKER_ID" : "16",
  "CUSTOMER_ID" : "5",
  "OWNER" : "Owner 6"
}, {
  "ACCOUNT_NUMBER" : "47",
  "BALANCE" : "1538.69",
  "BROKER_ID" : "18",
  "CUSTOMER_ID" : "16",
  "OWNER" : "Owner 7"
}, {
  "ACCOUNT_NUMBER" : "48",
  "BALANCE" : "1434.94",
  "BROKER_ID" : "10",
  "CUSTOMER_ID" : "16",
  "OWNER" : "Owner 8"
}, {
  "ACCOUNT_NUMBER" : "49",
  "BALANCE" : "9128.15",
  "BROKER_ID" : "17",
  "CUSTOMER_ID" : "7",
  "OWNER" : "Owner 9"
}, {
  "ACCOUNT_NUMBER" : "50",
  "BALANCE" : "7643.01",
  "BROKER_ID" : "2",
  "CUSTOMER_ID" : "8",
  "OWNER" : "Owner 10"
}, {
  "ACCOUNT_NUMBER" : "51",
  "BALANCE" : "9046.37",
  "BROKER_ID" : "15",
  "CUSTOMER_ID" : "17",
  "OWNER" : "Owner 11"
}, {
  "ACCOUNT_NUMBER" : "52",
  "BALANCE" : "384.98",
  "BROKER_ID" : "7",
  "CUSTOMER_ID" : "11",
  "OWNER" : "Owner 12"
}, {
  "ACCOUNT_NUMBER" : "53",
  "BALANCE" : "4514.42",
  "BROKER_ID" : "11",
  "CUSTOMER_ID" : "10",
  "OWNER" : "Owner 13"
}, {
  "ACCOUNT_NUMBER" : "54",
  "BALANCE" : "9663.79",
  "BROKER_ID" : "17",
  "CUSTOMER_ID" : "14",
  "OWNER" : "Owner 14"
}, {
  "ACCOUNT_NUMBER" : "55",
  "BALANCE" : "921.27",
  "BROKER_ID" : "3",
  "CUSTOMER_ID" : "4",
  "OWNER" : "Owner 15"
}, {
  "ACCOUNT_NUMBER" : "56",
  "BALANCE" : "3316.19",
  "BROKER_ID" : "5",
  "CUSTOMER_ID" : "7",
  "OWNER" : "Owner 16"
}, {
  "ACCOUNT_NUMBER" : "57",
  "BALANCE" : "7118.47",
  "BROKER_ID" : "5",
  "CUSTOMER_ID" : "14",
  "OWNER" : "Owner 17"
}, {
  "ACCOUNT_NUMBER" : "58",
  "BALANCE" : "590.97",
  "BROKER_ID" : "6",
  "CUSTOMER_ID" : "4",
  "OWNER" : "Owner 18"
}, {
  "ACCOUNT_NUMBER" : "59",
  "BALANCE" : "5167.91",
  "BROKER_ID" : "5",
  "CUSTOMER_ID" : "6",
  "OWNER" : "Owner 19"
}, {
  "ACCOUNT_NUMBER" : "60",
  "BALANCE" : "2323.38",
  "BROKER_ID" : "7",
  "CUSTOMER_ID" : "19",
  "OWNER" : "Owner 20"
} ]