[ {
  "ACCOUNT_NUMBER" : "91",
  "BALANCE" : "8424.11",
  "BROKER_ID" : "9",
  "CUSTOMER_ID" : "19",
  "OWNER" : "Owner 11"
}, {
  "ACCOUNT_NUMBER" : "92",
  "BALANCE" : "4284.24",
  "BROKER_ID" : "2",
  "CUSTOMER_ID" : "4",
  "OWNER" : "Owner 12"
}, {
  "ACCOUNT_NUMBER" : "93",
  "BALANCE" : "8009.68",
  "BROKER_ID" : "7",
  "CUSTOMER_ID" : "4",
  "OWNER" : "Owner 13"
}, {
  "ACCOUNT_NUMBER" : "94",
  "BALANCE" : "2664.76",
  "BROKER_ID" : "10",
  "CUSTOMER_ID" : "11",
  "OWNER" : "Owner 14"
}, {
  "ACCOUNT_NUMBER" : "95",
  "BALANCE" : "9864.33",
  "BROKER_ID" : "16",
  "CUSTOMER_ID" : "6",
  "OWNER" : "Owner 15"
}, {
  "ACCOUNT_NUMBER" : "96",
  "BALANCE" : "2540.04",
  "BROKER_ID" : "15",
  "CUSTOMER_ID" : "19",
  "OWNER" : "Owner 16"
}, {
  "ACCOUNT_NUMBER" : "97",
  "BALANCE" : "7290.16",
  "BROKER_ID" : "16",
  "CUSTOMER_ID" : "18",
  "OWNER" : "Owner 17"
}, {
  "ACCOUNT_NUMBER" : "98",
  "BALANCE" : "6285.9",
  "BROKER_ID" : "9",
  "CUSTOMER_ID" : "2",
  "OWNER" : "Owner 18"
}, {
  "ACCOUNT_NUMBER" : "99",
  "BALANCE" : "1876.16",
  "BROKER_ID" : "3",
  "CUSTOMER_ID" : "12",
  "OWNER" : "Owner 19"
}, {
  "ACCOUNT_NUMBER" : "100",
  "BALANCE" : "9879.56",
  "BROKER_ID" : "8",
  "CUSTOMER_ID" : "6",
  "OWNER" : "Owner 20"
} ]