{"REPLY":[],"MESSAGE_TYPE":"REP_ACCOUNTS_API","PARAMETRIC_TYPE":"global.genesis.api.accounts.schema.AccountDTO","NEXT_VIEW":-1,"SOURCE_REF":"047ed8ae-df5e-41f2-b799-b6fedd54d4c4","METADATA":{"IS_EMPTY":true,"ALL":{}}}