{"REPLY":[{"ACCOUNT_NUMBER":1,"BALANCE":3620.11,"BROKER_ID":13,"CUSTOMER_ID":19,"OWNER":"Owner 1"},{"ACCOUNT_NUMBER":2,"BALANCE":3950.53,"BROKER_ID":18,"CUSTOMER_ID":10,"OWNER":"Owner 2"},{"ACCOUNT_NUMBER":3,"BALANCE":6899.19,"BROKER_ID":7,"CUSTOMER_ID":15,"OWNER":"Owner 3"},{"ACCOUNT_NUMBER":4,"BALANCE":4350.78,"BROKER_ID":5,"CUSTOMER_ID":19,"OWNER":"Owner 4"},{"ACCOUNT_NUMBER":5,"BALANCE":809.71,"BROKER_ID":14,"CUSTOMER_ID":7,"OWNER":"Owner 5"},{"ACCOUNT_NUMBER":6,"BALANCE":9946.69,"BROKER_ID":13,"CUSTOMER_ID":17,"OWNER":"Owner 6"},{"ACCOUNT_NUMBER":7,"BALANCE":1582.17,"BROKER_ID":11,"CUSTOMER_ID":8,"OWNER":"Owner 7"},{"ACCOUNT_NUMBER":8,"BALANCE":7409.41,"BROKER_ID":11,"CUSTOMER_ID":2,"OWNER":"Owner 8"},{"ACCOUNT_NUMBER":9,"BALANCE":4672.25,"BROKER_ID":2,"CUSTOMER_ID":15,"OWNER":"Owner 9"},{"ACCOUNT_NUMBER":10,"BALANCE":7650.2,"BROKER_ID":2,"CUSTOMER_ID":5,"OWNER":"Owner 10"},{"ACCOUNT_NUMBER":11,"BALANCE":6253.41,"BROKER_ID":2,"CUSTOMER_ID":3,"OWNER":"Owner 11"},{"ACCOUNT_NUMBER":12,"BALANCE":8503.18,"BROKER_ID":8,"CUSTOMER_ID":12,"OWNER":"Owner 12"},{"ACCOUNT_NUMBER":13,"BALANCE":8807.31,"BROKER_ID":7,"CUSTOMER_ID":6,"OWNER":"Owner 13"},{"ACCOUNT_NUMBER":14,"BALANCE":594.99,"BROKER_ID":19,"CUSTOMER_ID":1,"OWNER":"Owner 14"},{"ACCOUNT_NUMBER":15,"BALANCE":6056.09,"BROKER_ID":6,"CUSTOMER_ID":11,"OWNER":"Owner 15"},{"ACCOUNT_NUMBER":16,"BALANCE":7634.88,"BROKER_ID":2,"CUSTOMER_ID":16,"OWNER":"Owner 16"},{"ACCOUNT_NUMBER":17,"BALANCE":9370.21,"BROKER_ID":1,"CUSTOMER_ID":7,"OWNER":"Owner 17"},{"ACCOUNT_NUMBER":18,"BALANCE":7535.69,"BROKER_ID":13,"CUSTOMER_ID":4,"OWNER":"Owner 18"},{"ACCOUNT_NUMBER":19,"BALANCE":1181.41,"BROKER_ID":19,"CUSTOMER_ID":15,"OWNER":"Owner 19"},{"ACCOUNT_NUMBER":20,"BALANCE":9478.44,"BROKER_ID":13,"CUSTOMER_ID":1,"OWNER":"Owner 20"},{"ACCOUNT_NUMBER":21,"BALANCE":849.58,"BROKER_ID":9,"CUSTOMER_ID":15,"OWNER":"Owner 1"},{"ACCOUNT_NUMBER":22,"BALANCE":5888.05,"BROKER_ID":12,"CUSTOMER_ID":4,"OWNER":"Owner 2"},{"ACCOUNT_NUMBER":23,"BALANCE":6315.99,"BROKER_ID":16,"CUSTOMER_ID":7,"OWNER":"Owner 3"},{"ACCOUNT_NUMBER":24,"BALANCE":4804.01,"BROKER_ID":16,"CUSTOMER_ID":14,"OWNER":"Owner 4"},{"ACCOUNT_NUMBER":25,"BALANCE":3898.77,"BROKER_ID":19,"CUSTOMER_ID":7,"OWNER":"Owner 5"},{"ACCOUNT_NUMBER":26,"BALANCE":9962.92,"BROKER_ID":13,"CUSTOMER_ID":2,"OWNER":"Owner 6"},{"ACCOUNT_NUMBER":27,"BALANCE":4014.45,"BROKER_ID":10,"CUSTOMER_ID":19,"OWNER":"Owner 7"},{"ACCOUNT_NUMBER":28,"BALANCE":7135.37,"BROKER_ID":13,"CUSTOMER_ID":3,"OWNER":"Owner 8"},{"ACCOUNT_NUMBER":29,"BALANCE":2392.37,"BROKER_ID":18,"CUSTOMER_ID":19,"OWNER":"Owner 9"},{"ACCOUNT_NUMBER":30,"BALANCE":2413.12,"BROKER_ID":4,"CUSTOMER_ID":3,"OWNER":"Owner 10"},{"ACCOUNT_NUMBER":31,"BALANCE":142.45,"BROKER_ID":19,"CUSTOMER_ID":7,"OWNER":"Owner 11"},{"ACCOUNT_NUMBER":32,"BALANCE":3754.41,"BROKER_ID":8,"CUSTOMER_ID":13,"OWNER":"Owner 12"},{"ACCOUNT_NUMBER":33,"BALANCE":561.33,"BROKER_ID":14,"CUSTOMER_ID":13,"OWNER":"Owner 13"},{"ACCOUNT_NUMBER":34,"BALANCE":6789.08,"BROKER_ID":19,"CUSTOMER_ID":10,"OWNER":"Owner 14"},{"ACCOUNT_NUMBER":35,"BALANCE":4867.72,"BROKER_ID":17,"CUSTOMER_ID":11,"OWNER":"Owner 15"},{"ACCOUNT_NUMBER":36,"BALANCE":4235.75,"BROKER_ID":5,"CUSTOMER_ID":14,"OWNER":"Owner 16"},{"ACCOUNT_NUMBER":37,"BALANCE":2258.6,"BROKER_ID":4,"CUSTOMER_ID":4,"OWNER":"Owner 17"},{"ACCOUNT_NUMBER":38,"BALANCE":3840.77,"BROKER_ID":15,"CUSTOMER_ID":16,"OWNER":"Owner 18"},{"ACCOUNT_NUMBER":39,"BALANCE":9156.12,"BROKER_ID":13,"CUSTOMER_ID":17,"OWNER":"Owner 19"},{"ACCOUNT_NUMBER":40,"BALANCE":1200.63,"BROKER_ID":15,"CUSTOMER_ID":5,"OWNER":"Owner 20"},{"ACCOUNT_NUMBER":41,"BALANCE":194.1,"BROKER_ID":5,"CUSTOMER_ID":7,"OWNER":"Owner 1"},{"ACCOUNT_NUMBER":42,"BALANCE":4273.11,"BROKER_ID":8,"CUSTOMER_ID":11,"OWNER":"Owner 2"},{"ACCOUNT_NUMBER":43,"BALANCE":1806.06,"BROKER_ID":1,"CUSTOMER_ID":12,"OWNER":"Owner 3"},{"ACCOUNT_NUMBER":44,"BALANCE":1008.66,"BROKER_ID":17,"CUSTOMER_ID":19,"OWNER":"Owner 4"},{"ACCOUNT_NUMBER":45,"BALANCE":7509.08,"BROKER_ID":18,"CUSTOMER_ID":10,"OWNER":"Owner 5"},{"ACCOUNT_NUMBER":46,"BALANCE":1228.97,"BROKER_ID":16,"CUSTOMER_ID":5,"OWNER":"Owner 6"},{"ACCOUNT_NUMBER":47,"BALANCE":1538.69,"BROKER_ID":18,"CUSTOMER_ID":16,"OWNER":"Owner 7"},{"ACCOUNT_NUMBER":48,"BALANCE":1434.94,"BROKER_ID":10,"CUSTOMER_ID":16,"OWNER":"Owner 8"},{"ACCOUNT_NUMBER":49,"BALANCE":9128.15,"BROKER_ID":17,"CUSTOMER_ID":7,"OWNER":"Owner 9"},{"ACCOUNT_NUMBER":50,"BALANCE":7643.01,"BROKER_ID":2,"CUSTOMER_ID":8,"OWNER":"Owner 10"}],"MESSAGE_TYPE":"REP_ACCOUNTS_API","PARAMETRIC_TYPE":"global.genesis.api.accounts.schema.AccountDTO","NEXT_VIEW":2,"SOURCE_REF":"8a395105-a45a-4178-b0d1-3d2c93549af6","METADATA":{"IS_EMPTY":true,"ALL":{}}}